591978 MainProcess 2026-05-30 07:11:43,309
Traceback (most recent call last):
  File "/home/quyu/.pyenv/versions/3.10.20/lib/python3.10/site-packages/pyarmor/cli/__main__.py", line 754, in main
    main_entry(sys.argv[1:])
  File "/home/quyu/.pyenv/versions/3.10.20/lib/python3.10/site-packages/pyarmor/cli/__main__.py", line 742, in main_entry
    return args.func(ctx, args)
  File "/home/quyu/.pyenv/versions/3.10.20/lib/python3.10/site-packages/pyarmor/cli/__main__.py", line 244, in cmd_gen
    builder.process(options)
  File "/home/quyu/.pyenv/versions/3.10.20/lib/python3.10/site-packages/pyarmor/cli/generate.py", line 188, in process
    self._obfuscate_scripts()
  File "/home/quyu/.pyenv/versions/3.10.20/lib/python3.10/site-packages/pyarmor/cli/generate.py", line 144, in _obfuscate_scripts
    code = Pytransform3.generate_obfuscated_script(self.ctx, r)
  File "/home/quyu/.pyenv/versions/3.10.20/lib/python3.10/site-packages/pyarmor/cli/core/__init__.py", line 93, in generate_obfuscated_script
    return m.generate_obfuscated_script(ctx, res)
  File "<maker>", line 716, in generate_obfuscated_script
  File "/home/quyu/.pyenv/versions/3.10.20/lib/python3.10/site-packages/pyarmor/cli/__init__.py", line 16, in process
    return meth(self, res, *args, **kwargs)
  File "<maker>", line 546, in process
  File "<maker>", line 552, in coserialize
  File "<maker>", line 597, in _build_ast_body
RuntimeError: out of license
